export const snapshot = {};

snapshot[`Scan directories > Titles 1`] = `
[
  "depth",
  "title1",
]
`;

snapshot[`Scan directories > Chapters 1`] = `
[
  [
    1,
    [
      1,
    ],
  ],
  [
    2,
    [
      1,
      2,
    ],
  ],
]
`;
